// Jest Snapshot v1, https://goo.gl/fbAQLP

exports[`PokemonOption component debe de hacer match con el snapshot  1`] = `
<div>
  <div class="options-container">
    <!-- <ul :disabled="blocked"> -->
    <ul>
      <!-- <li v-for="(pokemon, index) in pokemonArr" :key="pokemon.id" @click="$emit('nombreDelEventoQuequieroDisparar')"> -->
      <li><span>Bulbasaur</span></li>
      <li><span>Ivysaur</span></li>
      <li><span>Venusaur</span></li>
      <li><span>Charmander</span></li>
    </ul>
  </div>
</div>
`;
